Product: MDK-ARM Basic 5.10
Component: ARM Compiler 5.04 update 1 (build 49)
Tool: armlink [5040049]

==============================================================================

Section Cross References

    startup_stm32f10x_hd.o(RESET) refers to startup_stm32f10x_hd.o(.text) for Reset_Handler
    startup_stm32f10x_hd.o(RESET) refers to stm32f10x_it.o(.text) for NMI_Handler
    startup_stm32f10x_hd.o(RESET) refers to os_cpu_a.o(.text) for OS_CPU_PendSVHandler
    startup_stm32f10x_hd.o(.text) refers to startup_stm32f10x_hd.o(STACK) for __initial_sp
    startup_stm32f10x_hd.o(.text) refers to entry.o(.ARM.Collect$$$$00000000) for __main
    main.o(.text) refers to bsp.o(.text) for BSP_Init
    main.o(.text) refers to os_core.o(.text) for OSInit
    main.o(.text) refers to os_task.o(.text) for OSTaskCreate
    main.o(.text) refers to main.o(.bss) for .bss
    main.o(.text) refers to app.o(.text) for Task_Start
    stm32f10x_it.o(.text) refers to os_core.o(.text) for OSIntEnter
    stm32f10x_it.o(.text) refers to stm32f10x_usart.o(.text) for USART_GetITStatus
    stm32f10x_it.o(.text) refers to os_sem.o(.text) for OSSemPost
    stm32f10x_it.o(.text) refers to stm32f10x_dma.o(.text) for DMA_ClearFlag
    stm32f10x_it.o(.text) refers to stm32f10x_tim.o(.text) for TIM_ClearFlag
    stm32f10x_it.o(.text) refers to stm32f10x_exti.o(.text) for EXTI_GetITStatus
    stm32f10x_it.o(.text) refers to wirelessrxtx.o(.text) for ReceiveWireless
    stm32f10x_it.o(.text) refers to stm32f10x_can.o(.text) for CAN_Receive
    stm32f10x_it.o(.text) refers to object.o(.bss) for CL_LY
    stm32f10x_gpio.o(.text) refers to stm32f10x_rcc.o(.text) for RCC_APB2PeriphResetCmd
    stm32f10x_rcc.o(.text) refers to stm32f10x_rcc.o(.data) for .data
    stm32f10x_usart.o(.text) refers to stm32f10x_rcc.o(.text) for RCC_APB2PeriphResetCmd
    stm32f10x_tim.o(.text) refers to stm32f10x_rcc.o(.text) for RCC_APB1PeriphResetCmd
    stm32f10x_spi.o(.text) refers to stm32f10x_rcc.o(.text) for RCC_APB2PeriphResetCmd
    stm32f10x_can.o(.text) refers to stm32f10x_rcc.o(.text) for RCC_APB1PeriphResetCmd
    bsp.o(.text) refers to stm32f10x_gpio.o(.text) for GPIO_EXTILineConfig
    bsp.o(.text) refers to stm32f10x_exti.o(.text) for EXTI_Init
    bsp.o(.text) refers to system_stm32f10x.o(.text) for SystemInit
    bsp.o(.text) refers to misc.o(.text) for NVIC_PriorityGroupConfig
    bsp.o(.text) refers to stm32f10x_rcc.o(.text) for RCC_APB2PeriphClockCmd
    bsp.o(.text) refers to stm32f10x_usart.o(.text) for USART_Init
    bsp.o(.text) refers to stm32f10x_dma.o(.text) for DMA_DeInit
    bsp.o(.text) refers to stm32f10x_can.o(.text) for CAN_Init
    bsp.o(.text) refers to system_stm32f10x.o(.constdata) for SystemFrequency
    bsp.o(.text) refers to bsp.o(.data) for .data
    bsp.o(.text) refers to object.o(.bss) for usart1
    bsp.o(.text) refers to object.o(.bss) for usart3
    bsp.o(.text) refers to stm32f10x_tim.o(.text) for TIM_DeInit
    bsp.o(.data) refers to bsp.o(.text) for GPIO_Config
    bsp.o(.data) refers to jf24d.o(.text) for JF24D_IO_Config
    jf24d.o(.text) refers to stm32f10x_rcc.o(.text) for RCC_APB2PeriphClockCmd
    jf24d.o(.text) refers to stm32f10x_gpio.o(.text) for GPIO_Init
    jf24d.o(.text) refers to stm32f10x_spi.o(.text) for SPI_Init
    jf24d.o(.text) refers to jf24d.o(.data) for .data
    jf24d.o(.text) refers to jf24d.o(.constdata) for .constdata
    jf24d.o(.text) refers to jf24d.o(.bss) for .bss
    jf24d.o(.text) refers to wirelessrxtx.o(.text) for WaitWirelesTx
    app.o(.text) refers to os_sem.o(.text) for OSSemCreate
    app.o(.text) refers to stm32f10x_gpio.o(.text) for GPIO_SetBits
    app.o(.text) refers to communication.o(.text) for USART1_DMASendData
    app.o(.text) refers to list.o(.text) for InitializeListHead
    app.o(.text) refers to os_time.o(.text) for OSTimeDlyHMSM
    app.o(.text) refers to jf24d.o(.text) for Wireless_Init
    app.o(.text) refers to os_task.o(.text) for OSTaskSuspend
    app.o(.text) refers to controllayer.o(.text) for ProtocolControl
    app.o(.text) refers to canrxtx.o(.text) for CanTx
    app.o(.text) refers to os_cpu_a.o(.text) for OS_CPU_SR_Save
    app.o(.text) refers to object.o(.bss) for CL_LY
    app.o(.text) refers to controllayer.o(.bss) for CT_Info
    app.o(.text) refers to object.o(.bss) for usart3
    app.o(.text) refers to app.o(.data) for .data
    app.o(.text) refers to app.o(.bss) for .bss
    app.o(.text) refers to object.o(.bss) for usart1
    wirelessrxtx.o(.text) refers to jf24d.o(.text) for SPI_Read_Reg
    wirelessrxtx.o(.text) refers to os_cpu_a.o(.text) for OS_CPU_SR_Save
    wirelessrxtx.o(.text) refers to os_sem.o(.text) for OSSemPost
    wirelessrxtx.o(.text) refers to controllayer.o(.bss) for CT_Info
    controllayer.o(.text) refers to jf24d.o(.text) for Change_WirelessChannel
    controllayer.o(.text) refers to bsp.o(.text) for Can_Config
    canrxtx.o(.text) refers to stm32f10x_can.o(.text) for CAN_Transmit
    communication.o(.text) refers to stm32f10x_usart.o(.text) for USART_ITConfig
    communication.o(.text) refers to stm32f10x_dma.o(.text) for DMA_GetFlagStatus
    os_core.o(.text) refers to os_task.o(.text) for OSTaskStkChk
    os_core.o(.text) refers to os_time.o(.text) for OSTimeDly
    os_core.o(.text) refers to os_cpu_a.o(.text) for OS_CPU_SR_Save
    os_core.o(.text) refers to os_cpu_c.o(.text) for OSTaskStatHook
    os_core.o(.text) refers to os_core.o(.bss) for .bss
    os_core.o(.text) refers to os_core.o(.data) for .data
    os_core.o(.text) refers to os_core.o(.constdata) for .constdata
    os_mutex.o(.text) refers to os_cpu_a.o(.text) for OS_CPU_SR_Save
    os_mutex.o(.text) refers to os_core.o(.text) for OS_EventWaitListInit
    os_mutex.o(.text) refers to os_core.o(.data) for OSIntNesting
    os_mutex.o(.text) refers to os_core.o(.bss) for OSTCBPrioTbl
    os_sem.o(.text) refers to os_cpu_a.o(.text) for OS_CPU_SR_Save
    os_sem.o(.text) refers to os_core.o(.text) for OS_EventWaitListInit
    os_sem.o(.text) refers to os_core.o(.data) for OSIntNesting
    os_task.o(.text) refers to os_cpu_a.o(.text) for OS_CPU_SR_Save
    os_task.o(.text) refers to os_core.o(.text) for OS_Sched
    os_task.o(.text) refers to os_cpu_c.o(.text) for OSTaskStkInit
    os_task.o(.text) refers to os_core.o(.bss) for OSTCBPrioTbl
    os_task.o(.text) refers to os_core.o(.data) for OSTCBCur
    os_time.o(.text) refers to os_cpu_a.o(.text) for OS_CPU_SR_Save
    os_time.o(.text) refers to os_core.o(.text) for OS_Sched
    os_time.o(.text) refers to os_core.o(.data) for OSIntNesting
    os_time.o(.text) refers to os_core.o(.bss) for OSTCBPrioTbl
    os_cpu_a.o(.text) refers to os_core.o(.data) for OSRunning
    os_cpu_a.o(.text) refers to os_cpu_c.o(.text) for OSTaskSwHook
    entry.o(.ARM.Collect$$$$00000000) refers (Special) to entry10a.o(.ARM.Collect$$$$0000000D) for __rt_final_cpp
    entry.o(.ARM.Collect$$$$00000000) refers (Special) to entry11a.o(.ARM.Collect$$$$0000000F) for __rt_final_exit
    entry.o(.ARM.Collect$$$$00000000) refers (Special) to entry7b.o(.ARM.Collect$$$$00000008) for _main_clock
    entry.o(.ARM.Collect$$$$00000000) refers (Special) to entry8b.o(.ARM.Collect$$$$0000000A) for _main_cpp_init
    entry.o(.ARM.Collect$$$$00000000) refers (Special) to entry9a.o(.ARM.Collect$$$$0000000B) for _main_init
    entry.o(.ARM.Collect$$$$00000000) refers (Special) to entry5.o(.ARM.Collect$$$$00000004) for _main_scatterload
    entry.o(.ARM.Collect$$$$00000000) refers (Special) to entry2.o(.ARM.Collect$$$$00000001) for _main_stk
    entry2.o(.ARM.Collect$$$$00000001) refers to entry2.o(.ARM.Collect$$$$00002712) for __lit__00000000
    entry2.o(.ARM.Collect$$$$00002712) refers to startup_stm32f10x_hd.o(STACK) for __initial_sp
    entry2.o(__vectab_stack_and_reset_area) refers to startup_stm32f10x_hd.o(STACK) for __initial_sp
    entry2.o(__vectab_stack_and_reset_area) refers to entry.o(.ARM.Collect$$$$00000000) for __main
    entry5.o(.ARM.Collect$$$$00000004) refers to init.o(.text) for __scatterload
    entry9a.o(.ARM.Collect$$$$0000000B) refers to main.o(.text) for main
    entry9b.o(.ARM.Collect$$$$0000000C) refers to main.o(.text) for main
    init.o(.text) refers to entry5.o(.ARM.Collect$$$$00000004) for __main_after_scatterload


==============================================================================

Removing Unused input sections from the image.

    Removing startup_stm32f10x_hd.o(HEAP), (0 bytes).
    Removing core_cm3.o(.emb_text), (32 bytes).
    Removing system_stm32f10x.o(.constdata), (4 bytes).
    Removing system_stm32f10x.o(.constdata), (4 bytes).
    Removing system_stm32f10x.o(.constdata), (4 bytes).
    Removing system_stm32f10x.o(.constdata), (4 bytes).
    Removing jf24d.o(.data), (1 bytes).
    Removing jf24d.o(.data), (1 bytes).
    Removing jf24d.o(.data), (1 bytes).
    Removing object.o(.data), (8 bytes).
    Removing os_mutex.o(.text), (1284 bytes).
    Removing os_dbg.o(.constdata), (2 bytes).

12 unused section(s) (total 1345 bytes) removed from the image.

==============================================================================

Image Symbol Table

    Local Symbols

    Symbol Name                              Value     Ov Type        Size  Object(Section)

    ../clib/microlib/init/entry.s            0x00000000   Number         0  entry11a.o ABSOLUTE
    ../clib/microlib/init/entry.s            0x00000000   Number         0  entry.o ABSOLUTE
    ../clib/microlib/init/entry.s            0x00000000   Number         0  entry2.o ABSOLUTE
    ../clib/microlib/init/entry.s            0x00000000   Number         0  entry11b.o ABSOLUTE
    ../clib/microlib/init/entry.s            0x00000000   Number         0  entry5.o ABSOLUTE
    ../clib/microlib/init/entry.s            0x00000000   Number         0  entry10b.o ABSOLUTE
    ../clib/microlib/init/entry.s            0x00000000   Number         0  entry10a.o ABSOLUTE
    ../clib/microlib/init/entry.s            0x00000000   Number         0  entry9b.o ABSOLUTE
    ../clib/microlib/init/entry.s            0x00000000   Number         0  entry7b.o ABSOLUTE
    ../clib/microlib/init/entry.s            0x00000000   Number         0  entry9a.o ABSOLUTE
    ../clib/microlib/init/entry.s            0x00000000   Number         0  entry8b.o ABSOLUTE
    ../clib/microlib/init/entry.s            0x00000000   Number         0  entry8a.o ABSOLUTE
    ../clib/microlib/init/entry.s            0x00000000   Number         0  entry7a.o ABSOLUTE
    ..\APP\List.c                            0x00000000   Number         0  list.o ABSOLUTE
    ..\APP\WirelessRxTx.c                    0x00000000   Number         0  wirelessrxtx.o ABSOLUTE
    ..\APP\app.c                             0x00000000   Number         0  app.o ABSOLUTE
    ..\APP\canrxtx.c                         0x00000000   Number         0  canrxtx.o ABSOLUTE
    ..\APP\communication.c                   0x00000000   Number         0  communication.o ABSOLUTE
    ..\APP\controllayer.c                    0x00000000   Number         0  controllayer.o ABSOLUTE
    ..\APP\object.c                          0x00000000   Number         0  object.o ABSOLUTE
    ..\BSP\BSP.c                             0x00000000   Number         0  bsp.o ABSOLUTE
    ..\BSP\JF24D.c                           0x00000000   Number         0  jf24d.o ABSOLUTE
    ..\CMSIS\core_cm3.c                      0x00000000   Number         0  core_cm3.o ABSOLUTE
    ..\CMSIS\startup\startup_stm32f10x_hd.s  0x00000000   Number         0  startup_stm32f10x_hd.o ABSOLUTE
    ..\CMSIS\system_stm32f10x.c              0x00000000   Number         0  system_stm32f10x.o ABSOLUTE
    ..\FWlib\src\misc.c                      0x00000000   Number         0  misc.o ABSOLUTE
    ..\FWlib\src\stm32f10x_can.c             0x00000000   Number         0  stm32f10x_can.o ABSOLUTE
    ..\FWlib\src\stm32f10x_dma.c             0x00000000   Number         0  stm32f10x_dma.o ABSOLUTE
    ..\FWlib\src\stm32f10x_exti.c            0x00000000   Number         0  stm32f10x_exti.o ABSOLUTE
    ..\FWlib\src\stm32f10x_gpio.c            0x00000000   Number         0  stm32f10x_gpio.o ABSOLUTE
    ..\FWlib\src\stm32f10x_rcc.c             0x00000000   Number         0  stm32f10x_rcc.o ABSOLUTE
    ..\FWlib\src\stm32f10x_spi.c             0x00000000   Number         0  stm32f10x_spi.o ABSOLUTE
    ..\FWlib\src\stm32f10x_tim.c             0x00000000   Number         0  stm32f10x_tim.o ABSOLUTE
    ..\FWlib\src\stm32f10x_usart.c           0x00000000   Number         0  stm32f10x_usart.o ABSOLUTE
    ..\\CMSIS\\core_cm3.c                    0x00000000   Number         0  core_cm3.o ABSOLUTE
    ..\uCOS-II\Ports\os_cpu_a.asm            0x00000000   Number         0  os_cpu_a.o ABSOLUTE
    ..\uCOS-II\Ports\os_cpu_c.c              0x00000000   Number         0  os_cpu_c.o ABSOLUTE
    ..\uCOS-II\Ports\os_dbg.c                0x00000000   Number         0  os_dbg.o ABSOLUTE
    ..\uCOS-II\Source\os_core.c              0x00000000   Number         0  os_core.o ABSOLUTE
    ..\uCOS-II\Source\os_flag.c              0x00000000   Number         0  os_flag.o ABSOLUTE
    ..\uCOS-II\Source\os_mbox.c              0x00000000   Number         0  os_mbox.o ABSOLUTE
    ..\uCOS-II\Source\os_mem.c               0x00000000   Number         0  os_mem.o ABSOLUTE
    ..\uCOS-II\Source\os_mutex.c             0x00000000   Number         0  os_mutex.o ABSOLUTE
    ..\uCOS-II\Source\os_q.c                 0x00000000   Number         0  os_q.o ABSOLUTE
    ..\uCOS-II\Source\os_sem.c               0x00000000   Number         0  os_sem.o ABSOLUTE
    ..\uCOS-II\Source\os_task.c              0x00000000   Number         0  os_task.o ABSOLUTE
    ..\uCOS-II\Source\os_time.c              0x00000000   Number         0  os_time.o ABSOLUTE
    ..\uCOS-II\Source\os_tmr.c               0x00000000   Number         0  os_tmr.o ABSOLUTE
    dc.s                                     0x00000000   Number         0  dc.o ABSOLUTE
    handlers.s                               0x00000000   Number         0  handlers.o ABSOLUTE
    init.s                                   0x00000000   Number         0  init.o ABSOLUTE
    main.c                                   0x00000000   Number         0  main.o ABSOLUTE
    stm32f10x_it.c                           0x00000000   Number         0  stm32f10x_it.o ABSOLUTE
    RESET                                    0x08000000   Section      304  startup_stm32f10x_hd.o(RESET)
    .ARM.Collect$$$$00000000                 0x08000130   Section        0  entry.o(.ARM.Collect$$$$00000000)
    .ARM.Collect$$$$00000001                 0x08000130   Section        4  entry2.o(.ARM.Collect$$$$00000001)
    .ARM.Collect$$$$00000004                 0x08000134   Section        4  entry5.o(.ARM.Collect$$$$00000004)
    .ARM.Collect$$$$00000008                 0x08000138   Section        0  entry7b.o(.ARM.Collect$$$$00000008)
    .ARM.Collect$$$$0000000A                 0x08000138   Section        0  entry8b.o(.ARM.Collect$$$$0000000A)
    .ARM.Collect$$$$0000000B                 0x08000138   Section        8  entry9a.o(.ARM.Collect$$$$0000000B)
    .ARM.Collect$$$$0000000D                 0x08000140   Section        0  entry10a.o(.ARM.Collect$$$$0000000D)
    .ARM.Collect$$$$0000000F                 0x08000140   Section        0  entry11a.o(.ARM.Collect$$$$0000000F)
    .ARM.Collect$$$$00002712                 0x08000140   Section        4  entry2.o(.ARM.Collect$$$$00002712)
    __lit__00000000                          0x08000140   Data           4  entry2.o(.ARM.Collect$$$$00002712)
    .text                                    0x08000144   Section       48  startup_stm32f10x_hd.o(.text)
    .text                                    0x08000174   Section        0  main.o(.text)
    .text                                    0x0800019c   Section        0  stm32f10x_it.o(.text)
    .text                                    0x080002d0   Section        0  stm32f10x_gpio.o(.text)
    .text                                    0x08000508   Section        0  stm32f10x_rcc.o(.text)
    .text                                    0x080007cc   Section        0  stm32f10x_usart.o(.text)
    .text                                    0x08000aa4   Section        0  misc.o(.text)
    .text                                    0x08000b54   Section        0  stm32f10x_dma.o(.text)
    .text                                    0x08000d08   Section        0  stm32f10x_tim.o(.text)
    TI2_Config                               0x08000fc3   Thumb Code    54  stm32f10x_tim.o(.text)
    TI1_Config                               0x080015f7   Thumb Code    46  stm32f10x_tim.o(.text)
    .text                                    0x08001624   Section        0  stm32f10x_spi.o(.text)
    .text                                    0x08001898   Section        0  stm32f10x_exti.o(.text)
    .text                                    0x08001994   Section        0  stm32f10x_can.o(.text)
    CheckITStatus                            0x08001f07   Thumb Code    12  stm32f10x_can.o(.text)
    .text                                    0x08001f14   Section        0  system_stm32f10x.o(.text)
    SetSysClockTo72                          0x08001f15   Thumb Code   160  system_stm32f10x.o(.text)
    .text                                    0x08001ff4   Section        0  bsp.o(.text)
    Interrupts_Config                        0x08002079   Thumb Code   142  bsp.o(.text)
    GPIO_Config                              0x08002107   Thumb Code   242  bsp.o(.text)
    UARST_Config                             0x080021f9   Thumb Code    92  bsp.o(.text)
    DMA_Config                               0x080022d3   Thumb Code   184  bsp.o(.text)
    TIM1_Config                              0x08002479   Thumb Code    42  bsp.o(.text)
    TIM1_OC3_Config                          0x08002529   Thumb Code    68  bsp.o(.text)
    TIM2_UpdateCount_Config                  0x0800256d   Thumb Code    72  bsp.o(.text)
    .text                                    0x080025bc   Section        0  jf24d.o(.text)
    .text                                    0x08002aa8   Section        0  app.o(.text)
    .text                                    0x08002dec   Section        0  wirelessrxtx.o(.text)
    .text                                    0x08002e60   Section        0  list.o(.text)
    .text                                    0x08002eb8   Section        0  controllayer.o(.text)
    .text                                    0x08002efc   Section        0  canrxtx.o(.text)
    .text                                    0x08002f2c   Section        0  communication.o(.text)
    .text                                    0x08003088   Section        0  os_core.o(.text)
    OS_InitTCBList                           0x0800360b   Thumb Code    84  os_core.o(.text)
    OS_SchedNew                              0x0800365f   Thumb Code    24  os_core.o(.text)
    .text                                    0x08003690   Section        0  os_sem.o(.text)
    .text                                    0x0800398c   Section        0  os_task.o(.text)
    .text                                    0x08004004   Section        0  os_time.o(.text)
    .text                                    0x08004164   Section      164  os_cpu_a.o(.text)
    .text                                    0x08004208   Section        0  os_cpu_c.o(.text)
    .text                                    0x08004290   Section       36  init.o(.text)
    i.__scatterload_copy                     0x080042b4   Section       14  handlers.o(i.__scatterload_copy)
    i.__scatterload_null                     0x080042c2   Section        2  handlers.o(i.__scatterload_null)
    i.__scatterload_zeroinit                 0x080042c4   Section       14  handlers.o(i.__scatterload_zeroinit)
    .constdata                               0x080042d4   Section        4  system_stm32f10x.o(.constdata)
    .constdata                               0x080042d8   Section       46  jf24d.o(.constdata)
    .constdata                               0x08004306   Section      256  os_core.o(.constdata)
    .data                                    0x20000000   Section       20  stm32f10x_rcc.o(.data)
    ADCPrescTable                            0x20000000   Data           4  stm32f10x_rcc.o(.data)
    APBAHBPrescTable                         0x20000004   Data          16  stm32f10x_rcc.o(.data)
    .data                                    0x20000014   Section       32  bsp.o(.data)
    .data                                    0x20000034   Section        7  jf24d.o(.data)
    .data                                    0x2000003c   Section        8  app.o(.data)
    .data                                    0x20000044   Section       60  os_core.o(.data)
    .bss                                     0x20000080   Section      320  main.o(.bss)
    .bss                                     0x200001c0   Section       80  jf24d.o(.bss)
    .bss                                     0x20000210   Section     1641  app.o(.bss)
    .bss                                     0x2000087c   Section       88  object.o(.bss)
    .bss                                     0x200008d4   Section       88  object.o(.bss)
    .bss                                     0x2000092c   Section       88  object.o(.bss)
    .bss                                     0x20000984   Section       48  controllayer.o(.bss)
    .bss                                     0x200009b4   Section     3184  os_core.o(.bss)
    STACK                                    0x20001628   Section      512  startup_stm32f10x_hd.o(STACK)

    Global Symbols

    Symbol Name                              Value     Ov Type        Size  Object(Section)

    BuildAttributes$$THM_ISAv4$P$D$K$B$S$PE$A:L22UL41UL21$X:L11$S22US41US21$IEEE1$IW$USESV6$~STKCKD$USESV7$~SHL$OSPACE$EBA8$MICROLIB$REQ8$PRES8$EABIv2 0x00000000   Number         0  anon$$obj.o ABSOLUTE
    __ARM_use_no_argv                        0x00000000   Number         0  main.o ABSOLUTE
    __cpp_initialize__aeabi_                  - Undefined Weak Reference
    __cxa_finalize                            - Undefined Weak Reference
    __decompress                              - Undefined Weak Reference
    _clock_init                               - Undefined Weak Reference
    _microlib_exit                            - Undefined Weak Reference
    __Vectors_Size                           0x00000130   Number         0  startup_stm32f10x_hd.o ABSOLUTE
    __Vectors                                0x08000000   Data           4  startup_stm32f10x_hd.o(RESET)
    __Vectors_End                            0x08000130   Data           0  startup_stm32f10x_hd.o(RESET)
    __main                                   0x08000131   Thumb Code     0  entry.o(.ARM.Collect$$$$00000000)
    _main_stk                                0x08000131   Thumb Code     0  entry2.o(.ARM.Collect$$$$00000001)
    _main_scatterload                        0x08000135   Thumb Code     0  entry5.o(.ARM.Collect$$$$00000004)
    __main_after_scatterload                 0x08000139   Thumb Code     0  entry5.o(.ARM.Collect$$$$00000004)
    _main_clock                              0x08000139   Thumb Code     0  entry7b.o(.ARM.Collect$$$$00000008)
    _main_cpp_init                           0x08000139   Thumb Code     0  entry8b.o(.ARM.Collect$$$$0000000A)
    _main_init                               0x08000139   Thumb Code     0  entry9a.o(.ARM.Collect$$$$0000000B)
    __rt_final_cpp                           0x08000141   Thumb Code     0  entry10a.o(.ARM.Collect$$$$0000000D)
    __rt_final_exit                          0x08000141   Thumb Code     0  entry11a.o(.ARM.Collect$$$$0000000F)
    SystemInit_ExtMemCtl                     0x08000145   Thumb Code     2  startup_stm32f10x_hd.o(.text)
    Reset_Handler                            0x08000147   Thumb Code    14  startup_stm32f10x_hd.o(.text)
    ADC1_2_IRQHandler                        0x08000167   Thumb Code     0  startup_stm32f10x_hd.o(.text)
    ADC3_IRQHandler                          0x08000167   Thumb Code     0  startup_stm32f10x_hd.o(.text)
    CAN1_RX1_IRQHandler                      0x08000167   Thumb Code     0  startup_stm32f10x_hd.o(.text)
    CAN1_SCE_IRQHandler                      0x08000167   Thumb Code     0  startup_stm32f10x_hd.o(.text)
    DMA1_Channel1_IRQHandler                 0x08000167   Thumb Code     0  startup_stm32f10x_hd.o(.text)
    DMA1_Channel3_IRQHandler                 0x08000167   Thumb Code     0  startup_stm32f10x_hd.o(.text)
    DMA1_Channel4_IRQHandler                 0x08000167   Thumb Code     0  startup_stm32f10x_hd.o(.text)
    DMA1_Channel5_IRQHandler                 0x08000167   Thumb Code     0  startup_stm32f10x_hd.o(.text)
    DMA1_Channel6_IRQHandler                 0x08000167   Thumb Code     0  startup_stm32f10x_hd.o(.text)
    DMA1_Channel7_IRQHandler                 0x08000167   Thumb Code     0  startup_stm32f10x_hd.o(.text)
    DMA2_Channel1_IRQHandler                 0x08000167   Thumb Code     0  startup_stm32f10x_hd.o(.text)
    DMA2_Channel2_IRQHandler                 0x08000167   Thumb Code     0  startup_stm32f10x_hd.o(.text)
    DMA2_Channel3_IRQHandler                 0x08000167   Thumb Code     0  startup_stm32f10x_hd.o(.text)
    DMA2_Channel4_5_IRQHandler               0x08000167   Thumb Code     0  startup_stm32f10x_hd.o(.text)
    EXTI0_IRQHandler                         0x08000167   Thumb Code     0  startup_stm32f10x_hd.o(.text)
    EXTI15_10_IRQHandler                     0x08000167   Thumb Code     0  startup_stm32f10x_hd.o(.text)
    EXTI2_IRQHandler                         0x08000167   Thumb Code     0  startup_stm32f10x_hd.o(.text)
    EXTI3_IRQHandler                         0x08000167   Thumb Code     0  startup_stm32f10x_hd.o(.text)
    EXTI4_IRQHandler                         0x08000167   Thumb Code     0  startup_stm32f10x_hd.o(.text)
    EXTI9_5_IRQHandler                       0x08000167   Thumb Code     0  startup_stm32f10x_hd.o(.text)
    FLASH_IRQHandler                         0x08000167   Thumb Code     0  startup_stm32f10x_hd.o(.text)
    FSMC_IRQHandler                          0x08000167   Thumb Code     0  startup_stm32f10x_hd.o(.text)
    I2C1_ER_IRQHandler                       0x08000167   Thumb Code     0  startup_stm32f10x_hd.o(.text)
    I2C1_EV_IRQHandler                       0x08000167   Thumb Code     0  startup_stm32f10x_hd.o(.text)
    I2C2_ER_IRQHandler                       0x08000167   Thumb Code     0  startup_stm32f10x_hd.o(.text)
    I2C2_EV_IRQHandler                       0x08000167   Thumb Code     0  startup_stm32f10x_hd.o(.text)
    PVD_IRQHandler                           0x08000167   Thumb Code     0  startup_stm32f10x_hd.o(.text)
    RCC_IRQHandler                           0x08000167   Thumb Code     0  startup_stm32f10x_hd.o(.text)
    RTCAlarm_IRQHandler                      0x08000167   Thumb Code     0  startup_stm32f10x_hd.o(.text)
    RTC_IRQHandler                           0x08000167   Thumb Code     0  startup_stm32f10x_hd.o(.text)
    SDIO_IRQHandler                          0x08000167   Thumb Code     0  startup_stm32f10x_hd.o(.text)
    SPI1_IRQHandler                          0x08000167   Thumb Code     0  startup_stm32f10x_hd.o(.text)
    SPI2_IRQHandler                          0x08000167   Thumb Code     0  startup_stm32f10x_hd.o(.text)
    SPI3_IRQHandler                          0x08000167   Thumb Code     0  startup_stm32f10x_hd.o(.text)
    TAMPER_IRQHandler                        0x08000167   Thumb Code     0  startup_stm32f10x_hd.o(.text)
    TIM1_BRK_IRQHandler                      0x08000167   Thumb Code     0  startup_stm32f10x_hd.o(.text)
    TIM1_CC_IRQHandler                       0x08000167   Thumb Code     0  startup_stm32f10x_hd.o(.text)
    TIM1_TRG_COM_IRQHandler                  0x08000167   Thumb Code     0  startup_stm32f10x_hd.o(.text)
    TIM1_UP_IRQHandler                       0x08000167   Thumb Code     0  startup_stm32f10x_hd.o(.text)
    TIM3_IRQHandler                          0x08000167   Thumb Code     0  startup_stm32f10x_hd.o(.text)
    TIM4_IRQHandler                          0x08000167   Thumb Code     0  startup_stm32f10x_hd.o(.text)
    TIM5_IRQHandler                          0x08000167   Thumb Code     0  startup_stm32f10x_hd.o(.text)
    TIM6_IRQHandler                          0x08000167   Thumb Code     0  startup_stm32f10x_hd.o(.text)
    TIM7_IRQHandler                          0x08000167   Thumb Code     0  startup_stm32f10x_hd.o(.text)
    TIM8_BRK_IRQHandler                      0x08000167   Thumb Code     0  startup_stm32f10x_hd.o(.text)
    TIM8_CC_IRQHandler                       0x08000167   Thumb Code     0  startup_stm32f10x_hd.o(.text)
    TIM8_TRG_COM_IRQHandler                  0x08000167   Thumb Code     0  startup_stm32f10x_hd.o(.text)
    TIM8_UP_IRQHandler                       0x08000167   Thumb Code     0  startup_stm32f10x_hd.o(.text)
    UART4_IRQHandler                         0x08000167   Thumb Code     0  startup_stm32f10x_hd.o(.text)
    UART5_IRQHandler                         0x08000167   Thumb Code     0  startup_stm32f10x_hd.o(.text)
    USART2_IRQHandler                        0x08000167   Thumb Code     0  startup_stm32f10x_hd.o(.text)
    USBWakeUp_IRQHandler                     0x08000167   Thumb Code     0  startup_stm32f10x_hd.o(.text)
    USB_HP_CAN1_TX_IRQHandler                0x08000167   Thumb Code     0  startup_stm32f10x_hd.o(.text)
    WWDG_IRQHandler                          0x08000167   Thumb Code     0  startup_stm32f10x_hd.o(.text)
    main                                     0x08000175   Thumb Code    30  main.o(.text)
    NMI_Handler                              0x0800019d   Thumb Code     2  stm32f10x_it.o(.text)
    HardFault_Handler                        0x0800019f   Thumb Code     2  stm32f10x_it.o(.text)
    MemManage_Handler                        0x080001a1   Thumb Code     2  stm32f10x_it.o(.text)
    BusFault_Handler                         0x080001a3   Thumb Code     2  stm32f10x_it.o(.text)
    UsageFault_Handler                       0x080001a5   Thumb Code     2  stm32f10x_it.o(.text)
    SVC_Handler                              0x080001a7   Thumb Code     2  stm32f10x_it.o(.text)
    DebugMon_Handler                         0x080001a9   Thumb Code     2  stm32f10x_it.o(.text)
    PendSV_Handler                           0x080001ab   Thumb Code     2  stm32f10x_it.o(.text)
    SysTick_Handler                          0x080001ad   Thumb Code    18  stm32f10x_it.o(.text)
    USART1_IRQHandler                        0x080001bf   Thumb Code    70  stm32f10x_it.o(.text)
    USART3_IRQHandler                        0x08000205   Thumb Code    70  stm32f10x_it.o(.text)
    DMA1_Channel2_IRQHandler                 0x0800024b   Thumb Code    28  stm32f10x_it.o(.text)
    TIM2_IRQHandler                          0x08000267   Thumb Code    22  stm32f10x_it.o(.text)
    EXTI1_IRQHandler                         0x0800027d   Thumb Code    32  stm32f10x_it.o(.text)
    USB_LP_CAN1_RX0_IRQHandler               0x0800029d   Thumb Code    34  stm32f10x_it.o(.text)
    GPIO_DeInit                              0x080002d1   Thumb Code   152  stm32f10x_gpio.o(.text)
    GPIO_AFIODeInit                          0x08000369   Thumb Code    22  stm32f10x_gpio.o(.text)
    GPIO_Init                                0x0800037f   Thumb Code   156  stm32f10x_gpio.o(.text)
    GPIO_StructInit                          0x0800041b   Thumb Code    16  stm32f10x_gpio.o(.text)
    GPIO_ReadInputDataBit                    0x0800042b   Thumb Code    14  stm32f10x_gpio.o(.text)
    GPIO_ReadInputData                       0x08000439   Thumb Code     6  stm32f10x_gpio.o(.text)
    GPIO_ReadOutputDataBit                   0x0800043f   Thumb Code    14  stm32f10x_gpio.o(.text)
    GPIO_ReadOutputData                      0x0800044d   Thumb Code     6  stm32f10x_gpio.o(.text)
    GPIO_SetBits                             0x08000453   Thumb Code     4  stm32f10x_gpio.o(.text)
    GPIO_ResetBits                           0x08000457   Thumb Code     4  stm32f10x_gpio.o(.text)
    GPIO_WriteBit                            0x0800045b   Thumb Code    10  stm32f10x_gpio.o(.text)
    GPIO_Write                               0x08000465   Thumb Code     4  stm32f10x_gpio.o(.text)
    GPIO_PinLockConfig                       0x08000469   Thumb Code    16  stm32f10x_gpio.o(.text)
    GPIO_EventOutputConfig                   0x08000479   Thumb Code    22  stm32f10x_gpio.o(.text)
    GPIO_EventOutputCmd                      0x0800048f   Thumb Code     6  stm32f10x_gpio.o(.text)
    GPIO_PinRemapConfig                      0x08000495   Thumb Code    66  stm32f10x_gpio.o(.text)
    GPIO_EXTILineConfig                      0x080004d7   Thumb Code    34  stm32f10x_gpio.o(.text)
    RCC_DeInit                               0x08000509   Thumb Code    48  stm32f10x_rcc.o(.text)
    RCC_HSEConfig                            0x08000539   Thumb Code    48  stm32f10x_rcc.o(.text)
    RCC_GetFlagStatus                        0x08000569   Thumb Code    42  stm32f10x_rcc.o(.text)
    RCC_WaitForHSEStartUp                    0x08000593   Thumb Code    42  stm32f10x_rcc.o(.text)
    RCC_AdjustHSICalibrationValue            0x080005bd   Thumb Code    16  stm32f10x_rcc.o(.text)
    RCC_HSICmd                               0x080005cd   Thumb Code     6  stm32f10x_rcc.o(.text)
    RCC_PLLConfig                            0x080005d3   Thumb Code    16  stm32f10x_rcc.o(.text)
    RCC_PLLCmd                               0x080005e3   Thumb Code     6  stm32f10x_rcc.o(.text)
    RCC_SYSCLKConfig                         0x080005e9   Thumb Code    14  stm32f10x_rcc.o(.text)
    RCC_GetSYSCLKSource                      0x080005f7   Thumb Code    10  stm32f10x_rcc.o(.text)
    RCC_HCLKConfig                           0x08000601   Thumb Code    14  stm32f10x_rcc.o(.text)
    RCC_PCLK1Config                          0x0800060f   Thumb Code    14  stm32f10x_rcc.o(.text)
    RCC_PCLK2Config                          0x0800061d   Thumb Code    16  stm32f10x_rcc.o(.text)
    RCC_ITConfig                             0x0800062d   Thumb Code    18  stm32f10x_rcc.o(.text)
    RCC_USBCLKConfig                         0x0800063f   Thumb Code     8  stm32f10x_rcc.o(.text)
    RCC_ADCCLKConfig                         0x08000647   Thumb Code    14  stm32f10x_rcc.o(.text)
    RCC_LSEConfig                            0x08000655   Thumb Code    28  stm32f10x_rcc.o(.text)
    RCC_LSICmd                               0x08000671   Thumb Code     6  stm32f10x_rcc.o(.text)
    RCC_RTCCLKConfig                         0x08000677   Thumb Code    10  stm32f10x_rcc.o(.text)
    RCC_RTCCLKCmd                            0x08000681   Thumb Code     8  stm32f10x_rcc.o(.text)
    RCC_GetClocksFreq                        0x08000689   Thumb Code   138  stm32f10x_rcc.o(.text)
    RCC_AHBPeriphClockCmd                    0x08000713   Thumb Code    18  stm32f10x_rcc.o(.text)
    RCC_APB2PeriphClockCmd                   0x08000725   Thumb Code    18  stm32f10x_rcc.o(.text)
    RCC_APB1PeriphClockCmd                   0x08000737   Thumb Code    18  stm32f10x_rcc.o(.text)
    RCC_APB2PeriphResetCmd                   0x08000749   Thumb Code    18  stm32f10x_rcc.o(.text)
    RCC_APB1PeriphResetCmd                   0x0800075b   Thumb Code    18  stm32f10x_rcc.o(.text)
    RCC_BackupResetCmd                       0x0800076d   Thumb Code     8  stm32f10x_rcc.o(.text)
    RCC_ClockSecuritySystemCmd               0x08000775   Thumb Code     6  stm32f10x_rcc.o(.text)
    RCC_MCOConfig                            0x0800077b   Thumb Code     6  stm32f10x_rcc.o(.text)
    RCC_ClearFlag                            0x08000781   Thumb Code    12  stm32f10x_rcc.o(.text)
    RCC_GetITStatus                          0x0800078d   Thumb Code    16  stm32f10x_rcc.o(.text)
    RCC_ClearITPendingBit                    0x0800079d   Thumb Code     6  stm32f10x_rcc.o(.text)
    USART_DeInit                             0x080007cd   Thumb Code    98  stm32f10x_usart.o(.text)
    USART_Init                               0x0800082f   Thumb Code   134  stm32f10x_usart.o(.text)
    USART_StructInit                         0x080008b5   Thumb Code    22  stm32f10x_usart.o(.text)
    USART_ClockInit                          0x080008cb   Thumb Code    30  stm32f10x_usart.o(.text)
    USART_ClockStructInit                    0x080008e9   Thumb Code    12  stm32f10x_usart.o(.text)
    USART_Cmd                                0x080008f5   Thumb Code    20  stm32f10x_usart.o(.text)
    USART_ITConfig                           0x08000909   Thumb Code    48  stm32f10x_usart.o(.text)
    USART_DMACmd                             0x08000939   Thumb Code    16  stm32f10x_usart.o(.text)
    USART_SetAddress                         0x08000949   Thumb Code    16  stm32f10x_usart.o(.text)
    USART_WakeUpConfig                       0x08000959   Thumb Code    16  stm32f10x_usart.o(.text)
    USART_ReceiverWakeUpCmd                  0x08000969   Thumb Code    20  stm32f10x_usart.o(.text)
    USART_LINBreakDetectLengthConfig         0x0800097d   Thumb Code    16  stm32f10x_usart.o(.text)
    USART_LINCmd                             0x0800098d   Thumb Code    20  stm32f10x_usart.o(.text)
    USART_SendData                           0x080009a1   Thumb Code     8  stm32f10x_usart.o(.text)
    USART_ReceiveData                        0x080009a9   Thumb Code     8  stm32f10x_usart.o(.text)
    USART_SendBreak                          0x080009b1   Thumb Code    10  stm32f10x_usart.o(.text)
    USART_SetGuardTime                       0x080009bb   Thumb Code    16  stm32f10x_usart.o(.text)
    USART_SetPrescaler                       0x080009cb   Thumb Code    16  stm32f10x_usart.o(.text)
    USART_SmartCardCmd                       0x080009db   Thumb Code    20  stm32f10x_usart.o(.text)
    USART_SmartCardNACKCmd                   0x080009ef   Thumb Code    20  stm32f10x_usart.o(.text)
    USART_HalfDuplexCmd                      0x08000a03   Thumb Code    20  stm32f10x_usart.o(.text)
    USART_IrDAConfig                         0x08000a17   Thumb Code    16  stm32f10x_usart.o(.text)
    USART_IrDACmd                            0x08000a27   Thumb Code    20  stm32f10x_usart.o(.text)
    USART_GetFlagStatus                      0x08000a3b   Thumb Code    14  stm32f10x_usart.o(.text)
    USART_ClearFlag                          0x08000a49   Thumb Code     6  stm32f10x_usart.o(.text)
    USART_GetITStatus                        0x08000a4f   Thumb Code    62  stm32f10x_usart.o(.text)
    USART_ClearITPendingBit                  0x08000a8d   Thumb Code    12  stm32f10x_usart.o(.text)
    NVIC_PriorityGroupConfig                 0x08000aa5   Thumb Code    10  misc.o(.text)
    NVIC_Init                                0x08000aaf   Thumb Code    94  misc.o(.text)
    NVIC_SetVectorTable                      0x08000b0d   Thumb Code    14  misc.o(.text)
    NVIC_SystemLPConfig                      0x08000b1b   Thumb Code    20  misc.o(.text)
    SysTick_CLKSourceConfig                  0x08000b2f   Thumb Code    24  misc.o(.text)
    DMA_DeInit                               0x08000b55   Thumb Code   200  stm32f10x_dma.o(.text)
    DMA_Init                                 0x08000c1d   Thumb Code    58  stm32f10x_dma.o(.text)
    DMA_StructInit                           0x08000c57   Thumb Code    26  stm32f10x_dma.o(.text)
    DMA_Cmd                                  0x08000c71   Thumb Code    20  stm32f10x_dma.o(.text)
    DMA_ITConfig                             0x08000c85   Thumb Code    16  stm32f10x_dma.o(.text)
    DMA_GetCurrDataCounter                   0x08000c95   Thumb Code     6  stm32f10x_dma.o(.text)
    DMA_GetFlagStatus                        0x08000c9b   Thumb Code    28  stm32f10x_dma.o(.text)
    DMA_ClearFlag                            0x08000cb7   Thumb Code    18  stm32f10x_dma.o(.text)
    DMA_GetITStatus                          0x08000cc9   Thumb Code    28  stm32f10x_dma.o(.text)
    DMA_ClearITPendingBit                    0x08000ce5   Thumb Code    18  stm32f10x_dma.o(.text)
    TIM_DeInit                               0x08000d09   Thumb Code   170  stm32f10x_tim.o(.text)
    TIM_TimeBaseInit                         0x08000db3   Thumb Code    50  stm32f10x_tim.o(.text)
    TIM_OC1Init                              0x08000de5   Thumb Code    88  stm32f10x_tim.o(.text)
    TIM_OC2Init                              0x08000e3d   Thumb Code   120  stm32f10x_tim.o(.text)
    TIM_OC3Init                              0x08000eb5   Thumb Code   116  stm32f10x_tim.o(.text)
    TIM_OC4Init                              0x08000f29   Thumb Code    90  stm32f10x_tim.o(.text)
    TIM_SetIC4Prescaler                      0x08000f83   Thumb Code    24  stm32f10x_tim.o(.text)
    TIM_SetIC3Prescaler                      0x08000f9b   Thumb Code    16  stm32f10x_tim.o(.text)
    TIM_SetIC2Prescaler                      0x08000fab   Thumb Code    24  stm32f10x_tim.o(.text)
    TIM_SetIC1Prescaler                      0x08000ff9   Thumb Code    16  stm32f10x_tim.o(.text)
    TIM_ICInit                               0x08001009   Thumb Code   164  stm32f10x_tim.o(.text)
    TIM_PWMIConfig                           0x080010ad   Thumb Code   122  stm32f10x_tim.o(.text)
    TIM_BDTRConfig                           0x08001127   Thumb Code    34  stm32f10x_tim.o(.text)
    TIM_TimeBaseStructInit                   0x08001149   Thumb Code    18  stm32f10x_tim.o(.text)
    TIM_OCStructInit                         0x0800115b   Thumb Code    20  stm32f10x_tim.o(.text)
    TIM_ICStructInit                         0x0800116f   Thumb Code    16  stm32f10x_tim.o(.text)
    TIM_BDTRStructInit                       0x0800117f   Thumb Code    18  stm32f10x_tim.o(.text)
    TIM_Cmd                                  0x08001191   Thumb Code    22  stm32f10x_tim.o(.text)
    TIM_CtrlPWMOutputs                       0x080011a7   Thumb Code    22  stm32f10x_tim.o(.text)
    TIM_ITConfig                             0x080011bd   Thumb Code    16  stm32f10x_tim.o(.text)
    TIM_GenerateEvent                        0x080011cd   Thumb Code     4  stm32f10x_tim.o(.text)
    TIM_DMAConfig                            0x080011d1   Thumb Code     8  stm32f10x_tim.o(.text)
    TIM_DMACmd                               0x080011d9   Thumb Code    16  stm32f10x_tim.o(.text)
    TIM_InternalClockConfig                  0x080011e9   Thumb Code    10  stm32f10x_tim.o(.text)
    TIM_SelectInputTrigger                   0x080011f3   Thumb Code    12  stm32f10x_tim.o(.text)
    TIM_ITRxExternalClockConfig              0x080011ff   Thumb Code    18  stm32f10x_tim.o(.text)
    TIM_TIxExternalClockConfig               0x08001211   Thumb Code    46  stm32f10x_tim.o(.text)
    TIM_ETRConfig                            0x0800123f   Thumb Code    24  stm32f10x_tim.o(.text)
    TIM_ETRClockMode1Config                  0x08001257   Thumb Code    18  stm32f10x_tim.o(.text)
    TIM_ETRClockMode2Config                  0x08001269   Thumb Code    18  stm32f10x_tim.o(.text)
    TIM_PrescalerConfig                      0x0800127b   Thumb Code     6  stm32f10x_tim.o(.text)
    TIM_CounterModeConfig                    0x08001281   Thumb Code    14  stm32f10x_tim.o(.text)
    TIM_EncoderInterfaceConfig               0x0800128f   Thumb Code    50  stm32f10x_tim.o(.text)
    TIM_ForcedOC1Config                      0x080012c1   Thumb Code    12  stm32f10x_tim.o(.text)
    TIM_ForcedOC2Config                      0x080012cd   Thumb Code    20  stm32f10x_tim.o(.text)
    TIM_ForcedOC3Config                      0x080012e1   Thumb Code    12  stm32f10x_tim.o(.text)
    TIM_ForcedOC4Config                      0x080012ed   Thumb Code    20  stm32f10x_tim.o(.text)
    TIM_ARRPreloadConfig                     0x08001301   Thumb Code    22  stm32f10x_tim.o(.text)
    TIM_SelectCOM                            0x08001317   Thumb Code    20  stm32f10x_tim.o(.text)
    TIM_SelectCCDMA                          0x0800132b   Thumb Code    20  stm32f10x_tim.o(.text)
    TIM_CCPreloadControl                     0x0800133f   Thumb Code    20  stm32f10x_tim.o(.text)
    TIM_OC1PreloadConfig                     0x08001353   Thumb Code    12  stm32f10x_tim.o(.text)
    TIM_OC2PreloadConfig                     0x0800135f   Thumb Code    20  stm32f10x_tim.o(.text)
    TIM_OC3PreloadConfig                     0x08001373   Thumb Code    12  stm32f10x_tim.o(.text)
    TIM_OC4PreloadConfig                     0x0800137f   Thumb Code    20  stm32f10x_tim.o(.text)
    TIM_OC1FastConfig                        0x08001393   Thumb Code    12  stm32f10x_tim.o(.text)
    TIM_OC2FastConfig                        0x0800139f   Thumb Code    20  stm32f10x_tim.o(.text)
    TIM_OC3FastConfig                        0x080013b3   Thumb Code    12  stm32f10x_tim.o(.text)
    TIM_OC4FastConfig                        0x080013bf   Thumb Code    20  stm32f10x_tim.o(.text)
    TIM_ClearOC1Ref                          0x080013d3   Thumb Code    12  stm32f10x_tim.o(.text)
    TIM_ClearOC2Ref                          0x080013df   Thumb Code    20  stm32f10x_tim.o(.text)
    TIM_ClearOC3Ref                          0x080013f3   Thumb Code    12  stm32f10x_tim.o(.text)
    TIM_ClearOC4Ref                          0x080013ff   Thumb Code    20  stm32f10x_tim.o(.text)
    TIM_OC1PolarityConfig                    0x08001413   Thumb Code    12  stm32f10x_tim.o(.text)
    TIM_OC1NPolarityConfig                   0x0800141f   Thumb Code    12  stm32f10x_tim.o(.text)
    TIM_OC2PolarityConfig                    0x0800142b   Thumb Code    20  stm32f10x_tim.o(.text)
    TIM_OC2NPolarityConfig                   0x0800143f   Thumb Code    20  stm32f10x_tim.o(.text)
    TIM_OC3PolarityConfig                    0x08001453   Thumb Code    20  stm32f10x_tim.o(.text)
    TIM_OC3NPolarityConfig                   0x08001467   Thumb Code    20  stm32f10x_tim.o(.text)
    TIM_OC4PolarityConfig                    0x0800147b   Thumb Code    20  stm32f10x_tim.o(.text)
    TIM_CCxCmd                               0x0800148f   Thumb Code    22  stm32f10x_tim.o(.text)
    TIM_CCxNCmd                              0x080014a5   Thumb Code    22  stm32f10x_tim.o(.text)
    TIM_SelectOCxM                           0x080014bb   Thumb Code    70  stm32f10x_tim.o(.text)
    TIM_UpdateDisableConfig                  0x08001501   Thumb Code    22  stm32f10x_tim.o(.text)
    TIM_UpdateRequestConfig                  0x08001517   Thumb Code    22  stm32f10x_tim.o(.text)
    TIM_SelectHallSensor                     0x0800152d   Thumb Code    20  stm32f10x_tim.o(.text)
    TIM_SelectOnePulseMode                   0x08001541   Thumb Code    18  stm32f10x_tim.o(.text)
    TIM_SelectOutputTrigger                  0x08001553   Thumb Code    16  stm32f10x_tim.o(.text)
    TIM_SelectSlaveMode                      0x08001563   Thumb Code    16  stm32f10x_tim.o(.text)
    TIM_SelectMasterSlaveMode                0x08001573   Thumb Code    16  stm32f10x_tim.o(.text)
    TIM_SetCounter                           0x08001583   Thumb Code     4  stm32f10x_tim.o(.text)
    TIM_SetAutoreload                        0x08001587   Thumb Code     4  stm32f10x_tim.o(.text)
    TIM_SetCompare1                          0x0800158b   Thumb Code     4  stm32f10x_tim.o(.text)
    TIM_SetCompare2                          0x0800158f   Thumb Code     4  stm32f10x_tim.o(.text)
    TIM_SetCompare3                          0x08001593   Thumb Code     4  stm32f10x_tim.o(.text)
    TIM_SetCompare4                          0x08001597   Thumb Code     6  stm32f10x_tim.o(.text)
    TIM_SetClockDivision                     0x0800159d   Thumb Code    14  stm32f10x_tim.o(.text)
    TIM_GetCapture1                          0x080015ab   Thumb Code     4  stm32f10x_tim.o(.text)
    TIM_GetCapture2                          0x080015af   Thumb Code     4  stm32f10x_tim.o(.text)
    TIM_GetCapture3                          0x080015b3   Thumb Code     4  stm32f10x_tim.o(.text)
    TIM_GetCapture4                          0x080015b7   Thumb Code     6  stm32f10x_tim.o(.text)
    TIM_GetCounter                           0x080015bd   Thumb Code     4  stm32f10x_tim.o(.text)
    TIM_GetPrescaler                         0x080015c1   Thumb Code     4  stm32f10x_tim.o(.text)
    TIM_GetFlagStatus                        0x080015c5   Thumb Code    14  stm32f10x_tim.o(.text)
    TIM_ClearFlag                            0x080015d3   Thumb Code     6  stm32f10x_tim.o(.text)
    TIM_GetITStatus                          0x080015d9   Thumb Code    24  stm32f10x_tim.o(.text)
    TIM_ClearITPendingBit                    0x080015f1   Thumb Code     6  stm32f10x_tim.o(.text)
    SPI_I2S_DeInit                           0x08001625   Thumb Code    72  stm32f10x_spi.o(.text)
    SPI_Init                                 0x0800166d   Thumb Code    56  stm32f10x_spi.o(.text)
    I2S_Init                                 0x080016a5   Thumb Code   158  stm32f10x_spi.o(.text)
    SPI_StructInit                           0x08001743   Thumb Code    24  stm32f10x_spi.o(.text)
    I2S_StructInit                           0x0800175b   Thumb Code    18  stm32f10x_spi.o(.text)
    SPI_Cmd                                  0x0800176d   Thumb Code    20  stm32f10x_spi.o(.text)
    I2S_Cmd                                  0x08001781   Thumb Code    20  stm32f10x_spi.o(.text)
    SPI_I2S_ITConfig                         0x08001795   Thumb Code    24  stm32f10x_spi.o(.text)
    SPI_I2S_DMACmd                           0x080017ad   Thumb Code    16  stm32f10x_spi.o(.text)
    SPI_I2S_SendData                         0x080017bd   Thumb Code     4  stm32f10x_spi.o(.text)
    SPI_I2S_ReceiveData                      0x080017c1   Thumb Code     4  stm32f10x_spi.o(.text)
    SPI_NSSInternalSoftwareConfig            0x080017c5   Thumb Code    24  stm32f10x_spi.o(.text)
    SPI_SSOutputCmd                          0x080017dd   Thumb Code    20  stm32f10x_spi.o(.text)
    SPI_DataSizeConfig                       0x080017f1   Thumb Code    16  stm32f10x_spi.o(.text)
    SPI_TransmitCRC                          0x08001801   Thumb Code    10  stm32f10x_spi.o(.text)
    SPI_CalculateCRC                         0x0800180b   Thumb Code    20  stm32f10x_spi.o(.text)
    SPI_GetCRC                               0x0800181f   Thumb Code    12  stm32f10x_spi.o(.text)
    SPI_GetCRCPolynomial                     0x0800182b   Thumb Code     4  stm32f10x_spi.o(.text)
    SPI_BiDirectionalLineConfig              0x0800182f   Thumb Code    22  stm32f10x_spi.o(.text)
    SPI_I2S_GetFlagStatus                    0x08001845   Thumb Code    14  stm32f10x_spi.o(.text)
    SPI_I2S_ClearFlag                        0x08001853   Thumb Code     6  stm32f10x_spi.o(.text)
    SPI_I2S_GetITStatus                      0x08001859   Thumb Code    44  stm32f10x_spi.o(.text)
    SPI_I2S_ClearITPendingBit                0x08001885   Thumb Code    14  stm32f10x_spi.o(.text)
    EXTI_DeInit                              0x08001899   Thumb Code    28  stm32f10x_exti.o(.text)
    EXTI_Init                                0x080018b5   Thumb Code   124  stm32f10x_exti.o(.text)
    EXTI_StructInit                          0x08001931   Thumb Code    14  stm32f10x_exti.o(.text)
    EXTI_GenerateSWInterrupt                 0x0800193f   Thumb Code    12  stm32f10x_exti.o(.text)
    EXTI_GetFlagStatus                       0x0800194b   Thumb Code    18  stm32f10x_exti.o(.text)
    EXTI_ClearFlag                           0x0800195d   Thumb Code     8  stm32f10x_exti.o(.text)
    EXTI_GetITStatus                         0x08001965   Thumb Code    28  stm32f10x_exti.o(.text)
    EXTI_ClearITPendingBit                   0x08001981   Thumb Code     8  stm32f10x_exti.o(.text)
    CAN_DeInit                               0x08001995   Thumb Code    32  stm32f10x_can.o(.text)
    CAN_Init                                 0x080019b5   Thumb Code   232  stm32f10x_can.o(.text)
    CAN_FilterInit                           0x08001a9d   Thumb Code   194  stm32f10x_can.o(.text)
    CAN_StructInit                           0x08001b5f   Thumb Code    32  stm32f10x_can.o(.text)
    CAN_ITConfig                             0x08001b7f   Thumb Code    16  stm32f10x_can.o(.text)
    CAN_Transmit                             0x08001b8f   Thumb Code   170  stm32f10x_can.o(.text)
    CAN_TransmitStatus                       0x08001c39   Thumb Code   118  stm32f10x_can.o(.text)
    CAN_CancelTransmit                       0x08001caf   Thumb Code    36  stm32f10x_can.o(.text)
    CAN_FIFORelease                          0x08001cd3   Thumb Code    12  stm32f10x_can.o(.text)
    CAN_MessagePending                       0x08001cdf   Thumb Code    22  stm32f10x_can.o(.text)
    CAN_Receive                              0x08001cf5   Thumb Code   140  stm32f10x_can.o(.text)
    CAN_DBGFreeze                            0x08001d81   Thumb Code    20  stm32f10x_can.o(.text)
    CAN_Sleep                                0x08001d95   Thumb Code    30  stm32f10x_can.o(.text)
    CAN_WakeUp                               0x08001db3   Thumb Code    40  stm32f10x_can.o(.text)
    CAN_GetFlagStatus                        0x08001ddb   Thumb Code    14  stm32f10x_can.o(.text)
    CAN_ClearFlag                            0x08001de9   Thumb Code     8  stm32f10x_can.o(.text)
    CAN_GetITStatus                          0x08001df1   Thumb Code   142  stm32f10x_can.o(.text)
    CAN_ClearITPendingBit                    0x08001e7f   Thumb Code   136  stm32f10x_can.o(.text)
    SystemInit                               0x08001fb5   Thumb Code    48  system_stm32f10x.o(.text)
    EXTI_Configuration                       0x08001ff5   Thumb Code    46  bsp.o(.text)
    SysTick_init                             0x08002023   Thumb Code    48  bsp.o(.text)
    BSP_Init                                 0x08002053   Thumb Code    38  bsp.o(.text)
    UARST3_Config                            0x08002255   Thumb Code   126  bsp.o(.text)
    Can_Config                               0x0800238b   Thumb Code   238  bsp.o(.text)
    TIM4_SlaveMode_Reset                     0x080024a3   Thumb Code   134  bsp.o(.text)
    JF24D_IO_Config                          0x080025bd   Thumb Code   182  jf24d.o(.text)
    SPI_RW                                   0x08002673   Thumb Code    48  jf24d.o(.text)
    SimpleDelayMs                            0x080026a3   Thumb Code    36  jf24d.o(.text)
    Delayus                                  0x080026c7   Thumb Code    22  jf24d.o(.text)
    SPI_Write_Reg                            0x080026dd   Thumb Code    40  jf24d.o(.text)
    Change_WirelessChannel                   0x08002705   Thumb Code    14  jf24d.o(.text)
    SPI_Read_Reg                             0x08002713   Thumb Code    40  jf24d.o(.text)
    Enter_PRX                                0x0800273b   Thumb Code    54  jf24d.o(.text)
    SPI_Write_Buf                            0x08002771   Thumb Code    56  jf24d.o(.text)
    WriteTxAddress                           0x080027a9   Thumb Code    10  jf24d.o(.text)
    JF24D_Init                               0x080027b3   Thumb Code    78  jf24d.o(.text)
    Wireless_Init                            0x08002801   Thumb Code    50  jf24d.o(.text)
    IsInitWirelessModuleSuccess              0x08002833   Thumb Code    20  jf24d.o(.text)
    SPI_Read_Buf                             0x08002847   Thumb Code    58  jf24d.o(.text)
    Receive_Packet                           0x08002881   Thumb Code    50  jf24d.o(.text)
    Wireless_RXData                          0x080028b3   Thumb Code    62  jf24d.o(.text)
    Enter_PTX                                0x080028f1   Thumb Code    58  jf24d.o(.text)
    SwitchCFG                                0x0800292b   Thumb Code    34  jf24d.o(.text)
    WirteRxAddrToJf24D                       0x0800294d   Thumb Code    94  jf24d.o(.text)
    Send_Packet                              0x080029ab   Thumb Code    56  jf24d.o(.text)
    ModBus_CRC16                             0x080029e3   Thumb Code    52  jf24d.o(.text)
    Wireless_SendData                        0x08002a17   Thumb Code   132  jf24d.o(.text)
    Task_CANRx_CL                            0x08002aa9   Thumb Code    62  app.o(.text)
    Task_WirelessRx                          0x08002ae7   Thumb Code    76  app.o(.text)
    memcopy                                  0x08002b33   Thumb Code    20  app.o(.text)
    Task_USART3_CL                           0x08002b47   Thumb Code    92  app.o(.text)
    Task_USART1_CL                           0x08002ba3   Thumb Code    74  app.o(.text)
    Task_Infrared                            0x08002bed   Thumb Code   316  app.o(.text)
    Task_Start                               0x08002d29   Thumb Code   146  app.o(.text)
    ReceiveWireless                          0x08002ded   Thumb Code    82  wirelessrxtx.o(.text)
    WaitWirelesTx                            0x08002e3f   Thumb Code    28  wirelessrxtx.o(.text)
    InitializeListHead                       0x08002e61   Thumb Code     6  list.o(.text)
    IsListEmpty                              0x08002e67   Thumb Code    14  list.o(.text)
    RemoveEntryList                          0x08002e75   Thumb Code    20  list.o(.text)
    RemoveHeadList                           0x08002e89   Thumb Code    12  list.o(.text)
    RemoveTailList                           0x08002e95   Thumb Code    12  list.o(.text)
    InsertTailList                           0x08002ea1   Thumb Code    12  list.o(.text)
    InsertHeadList                           0x08002ead   Thumb Code    12  list.o(.text)
    ProtocolControl                          0x08002eb9   Thumb Code    68  controllayer.o(.text)
    CanTx                                    0x08002efd   Thumb Code    44  canrxtx.o(.text)
    USART1_SendData                          0x08002f2d   Thumb Code    70  communication.o(.text)
    USART2_SendData                          0x08002f73   Thumb Code    70  communication.o(.text)
    USART1_DMASendData                       0x08002fb9   Thumb Code    60  communication.o(.text)
    USART3_DMASendData                       0x08002ff5   Thumb Code    44  communication.o(.text)
    USART1_DMAGetNumbRecieved                0x08003021   Thumb Code    46  communication.o(.text)
    USART3_DMAGetNumbRecieved                0x0800304f   Thumb Code    46  communication.o(.text)
    OS_TaskStatStkChk                        0x08003089   Thumb Code    50  os_core.o(.text)
    OS_TaskStat                              0x080030bb   Thumb Code    82  os_core.o(.text)
    OS_TaskIdle                              0x0800310d   Thumb Code    22  os_core.o(.text)
    OS_MemClr                                0x08003123   Thumb Code    18  os_core.o(.text)
    OSInit                                   0x08003135   Thumb Code   220  os_core.o(.text)
    OSIntEnter                               0x08003211   Thumb Code    20  os_core.o(.text)
    OSIntExit                                0x08003225   Thumb Code    82  os_core.o(.text)
    OSSchedLock                              0x08003277   Thumb Code    38  os_core.o(.text)
    OS_Sched                                 0x0800329d   Thumb Code    64  os_core.o(.text)
    OSSchedUnlock                            0x080032dd   Thumb Code    52  os_core.o(.text)
    OSStart                                  0x08003311   Thumb Code    38  os_core.o(.text)
    OSStatInit                               0x08003337   Thumb Code    48  os_core.o(.text)
    OSTimeTick                               0x08003367   Thumb Code   154  os_core.o(.text)
    OSVersion                                0x08003401   Thumb Code     6  os_core.o(.text)
    OS_Dummy                                 0x08003407   Thumb Code     2  os_core.o(.text)
    OS_EventTaskRemove                       0x08003409   Thumb Code    32  os_core.o(.text)
    OS_EventTaskRdy                          0x08003429   Thumb Code   140  os_core.o(.text)
    OS_EventTaskWait                         0x080034b5   Thumb Code    68  os_core.o(.text)
    OS_EventWaitListInit                     0x080034f9   Thumb Code    20  os_core.o(.text)
    OS_MemCopy                               0x0800350d   Thumb Code    20  os_core.o(.text)
    OS_StrLen                                0x08003521   Thumb Code    20  os_core.o(.text)
    OS_TCBInit                               0x08003535   Thumb Code   214  os_core.o(.text)
    OSSemAccept                              0x08003691   Thumb Code    34  os_sem.o(.text)
    OSSemCreate                              0x080036b3   Thumb Code    54  os_sem.o(.text)
    OSSemDel                                 0x080036e9   Thumb Code   180  os_sem.o(.text)
    OSSemPend                                0x0800379d   Thumb Code   170  os_sem.o(.text)
    OSSemPendAbort                           0x08003847   Thumb Code   110  os_sem.o(.text)
    OSSemPost                                0x080038b5   Thumb Code    82  os_sem.o(.text)
    OSSemQuery                               0x08003907   Thumb Code    66  os_sem.o(.text)
    OSSemSet                                 0x08003949   Thumb Code    52  os_sem.o(.text)
    OSTaskChangePrio                         0x0800398d   Thumb Code   260  os_task.o(.text)
    OSTaskCreate                             0x08003a91   Thumb Code   124  os_task.o(.text)
    OS_TaskStkClr                            0x08003b0d   Thumb Code    22  os_task.o(.text)
    OSTaskCreateExt                          0x08003b23   Thumb Code   144  os_task.o(.text)
    OSTaskDel                                0x08003bb3   Thumb Code   256  os_task.o(.text)
    OSTaskDelReq                             0x08003cb3   Thumb Code    82  os_task.o(.text)
    OSTaskNameGet                            0x08003d05   Thumb Code    92  os_task.o(.text)
    OSTaskNameSet                            0x08003d61   Thumb Code   116  os_task.o(.text)
    OSTaskResume                             0x08003dd5   Thumb Code   120  os_task.o(.text)
    OSTaskStkChk                             0x08003e4d   Thumb Code    98  os_task.o(.text)
    OSTaskSuspend                            0x08003eaf   Thumb Code   128  os_task.o(.text)
    OSTaskQuery                              0x08003f2f   Thumb Code    74  os_task.o(.text)
    OSTaskRegGet                             0x08003f79   Thumb Code    50  os_task.o(.text)
    OSTaskRegSet                             0x08003fab   Thumb Code    52  os_task.o(.text)
    OS_TaskReturn                            0x08003fdf   Thumb Code    18  os_task.o(.text)
    OSTimeDly                                0x08004005   Thumb Code    82  os_time.o(.text)
    OSTimeDlyHMSM                            0x08004057   Thumb Code    68  os_time.o(.text)
    OSTimeDlyResume                          0x0800409b   Thumb Code   134  os_time.o(.text)
    OSTimeGet                                0x08004121   Thumb Code    18  os_time.o(.text)
    OSTimeSet                                0x08004133   Thumb Code    20  os_time.o(.text)
    OS_CPU_SR_Save                           0x08004165   Thumb Code     0  os_cpu_a.o(.text)
    OS_CPU_SR_Restore                        0x0800416d   Thumb Code     0  os_cpu_a.o(.text)
    OSStartHighRdy                           0x08004173   Thumb Code     0  os_cpu_a.o(.text)
    OSCtxSw                                  0x08004193   Thumb Code     0  os_cpu_a.o(.text)
    OSIntCtxSw                               0x0800419d   Thumb Code     0  os_cpu_a.o(.text)
    OS_CPU_PendSVHandler                     0x080041a7   Thumb Code     0  os_cpu_a.o(.text)
    OSInitHookBegin                          0x08004209   Thumb Code     2  os_cpu_c.o(.text)
    OSTaskReturnHook                         0x0800420b   Thumb Code     2  os_cpu_c.o(.text)
    OSInitHookEnd                            0x0800420d   Thumb Code     2  os_cpu_c.o(.text)
    OSTaskCreateHook                         0x0800420f   Thumb Code     2  os_cpu_c.o(.text)
    OSTaskDelHook                            0x08004211   Thumb Code     2  os_cpu_c.o(.text)
    OSTaskIdleHook                           0x08004213   Thumb Code     2  os_cpu_c.o(.text)
    OSTaskStatHook                           0x08004215   Thumb Code     2  os_cpu_c.o(.text)
    OSTaskStkInit                            0x08004217   Thumb Code   114  os_cpu_c.o(.text)
    OSTaskSwHook                             0x08004289   Thumb Code     2  os_cpu_c.o(.text)
    OSTCBInitHook                            0x0800428b   Thumb Code     2  os_cpu_c.o(.text)
    OSTimeTickHook                           0x0800428d   Thumb Code     2  os_cpu_c.o(.text)
    __scatterload                            0x08004291   Thumb Code    28  init.o(.text)
    __scatterload_rt2                        0x08004291   Thumb Code     0  init.o(.text)
    __scatterload_copy                       0x080042b5   Thumb Code    14  handlers.o(i.__scatterload_copy)
    __scatterload_null                       0x080042c3   Thumb Code     2  handlers.o(i.__scatterload_null)
    __scatterload_zeroinit                   0x080042c5   Thumb Code    14  handlers.o(i.__scatterload_zeroinit)
    SystemFrequency                          0x080042d4   Data           4  system_stm32f10x.o(.constdata)
    RegArrFSK                                0x080042d8   Data          46  jf24d.o(.constdata)
    OSUnMapTbl                               0x08004306   Data         256  os_core.o(.constdata)
    Region$$Table$$Base                      0x08004408   Number         0  anon$$obj.o(Region$$Table)
    Region$$Table$$Limit                     0x08004428   Number         0  anon$$obj.o(Region$$Table)
    Periphral_Config                         0x20000014   Data          32  bsp.o(.data)
    JTxCount                                 0x20000034   Data           1  jf24d.o(.data)
    JRxCount                                 0x20000035   Data           1  jf24d.o(.data)
    RX0_Address                              0x20000036   Data           5  jf24d.o(.data)
    CL_FrameHeadList                         0x2000003c   Data           8  app.o(.data)
    OSCPUUsage                               0x20000044   Data           1  os_core.o(.data)
    OSStatRdy                                0x20000045   Data           1  os_core.o(.data)
    OSIntNesting                             0x20000046   Data           1  os_core.o(.data)
    OSLockNesting                            0x20000047   Data           1  os_core.o(.data)
    OSPrioCur                                0x20000048   Data           1  os_core.o(.data)
    OSPrioHighRdy                            0x20000049   Data           1  os_core.o(.data)
    OSRdyGrp                                 0x2000004a   Data           1  os_core.o(.data)
    OSRunning                                0x2000004b   Data           1  os_core.o(.data)
    OSTaskCtr                                0x2000004c   Data           1  os_core.o(.data)
    OSTickStepState                          0x2000004d   Data           1  os_core.o(.data)
    OSCtxSwCtr                               0x20000050   Data           4  os_core.o(.data)
    OSEventFreeList                          0x20000054   Data           4  os_core.o(.data)
    OSIdleCtrMax                             0x20000058   Data           4  os_core.o(.data)
    OSIdleCtrRun                             0x2000005c   Data           4  os_core.o(.data)
    OSIdleCtr                                0x20000060   Data           4  os_core.o(.data)
    OSTCBCur                                 0x20000064   Data           4  os_core.o(.data)
    OSTCBFreeList                            0x20000068   Data           4  os_core.o(.data)
    OSTCBHighRdy                             0x2000006c   Data           4  os_core.o(.data)
    OSTCBList                                0x20000070   Data           4  os_core.o(.data)
    OSTime                                   0x20000074   Data           4  os_core.o(.data)
    OSRdyTbl                                 0x20000078   Data           8  os_core.o(.data)
    startup_task_stk                         0x20000080   Data         320  main.o(.bss)
    JTxBuf                                   0x200001c0   Data          40  jf24d.o(.bss)
    JRxBuf                                   0x200001e8   Data          40  jf24d.o(.bss)
    task_infrared_stk                        0x20000210   Data         320  app.o(.bss)
    task_usart1_cl_stk                       0x20000350   Data         320  app.o(.bss)
    task_usart3_cl_stk                       0x20000490   Data         320  app.o(.bss)
    task_WirelessRx_stk                      0x200005d0   Data         320  app.o(.bss)
    task_canrx_cl_stk                        0x20000710   Data         320  app.o(.bss)
    CL_Format                                0x20000850   Data          41  app.o(.bss)
    CL_LY                                    0x2000087c   Data          88  object.o(.bss)
    usart1                                   0x200008d4   Data          88  object.o(.bss)
    usart3                                   0x2000092c   Data          88  object.o(.bss)
    CT_Info                                  0x20000984   Data          48  controllayer.o(.bss)
    OSEventTbl                               0x200009b4   Data         320  os_core.o(.bss)
    OSTaskStatStk                            0x20000af4   Data         512  os_core.o(.bss)
    OSTaskIdleStk                            0x20000cf4   Data         512  os_core.o(.bss)
    OSTCBPrioTbl                             0x20000ef4   Data         256  os_core.o(.bss)
    OSTCBTbl                                 0x20000ff4   Data        1584  os_core.o(.bss)
    __initial_sp                             0x20001828   Data           0  startup_stm32f10x_hd.o(STACK)



==============================================================================

Memory Map of the image

  Image Entry point : 0x08000147

  Load Region LR_1 (Base: 0x08000000, Size: 0x000044a8, Max: 0xffffffff, ABSOLUTE)

    Execution Region ER_RO (Base: 0x08000000, Size: 0x00004428, Max: 0xffffffff, ABSOLUTE)

    Base Addr    Size         Type   Attr      Idx    E Section Name        Object

    0x08000000   0x00000130   Data   RO            3    RESET               startup_stm32f10x_hd.o
    0x08000130   0x00000000   Code   RO          545  * .ARM.Collect$$$$00000000  mc_w.l(entry.o)
    0x08000130   0x00000004   Code   RO          548    .ARM.Collect$$$$00000001  mc_w.l(entry2.o)
    0x08000134   0x00000004   Code   RO          551    .ARM.Collect$$$$00000004  mc_w.l(entry5.o)
    0x08000138   0x00000000   Code   RO          553    .ARM.Collect$$$$00000008  mc_w.l(entry7b.o)
    0x08000138   0x00000000   Code   RO          555    .ARM.Collect$$$$0000000A  mc_w.l(entry8b.o)
    0x08000138   0x00000008   Code   RO          556    .ARM.Collect$$$$0000000B  mc_w.l(entry9a.o)
    0x08000140   0x00000000   Code   RO          558    .ARM.Collect$$$$0000000D  mc_w.l(entry10a.o)
    0x08000140   0x00000000   Code   RO          560    .ARM.Collect$$$$0000000F  mc_w.l(entry11a.o)
    0x08000140   0x00000004   Code   RO          549    .ARM.Collect$$$$00002712  mc_w.l(entry2.o)
    0x08000144   0x00000030   Code   RO            4  * .text               startup_stm32f10x_hd.o
    0x08000174   0x00000028   Code   RO           10    .text               main.o
    0x0800019c   0x00000134   Code   RO          106    .text               stm32f10x_it.o
    0x080002d0   0x00000238   Code   RO          119    .text               stm32f10x_gpio.o
    0x08000508   0x000002c4   Code   RO          131    .text               stm32f10x_rcc.o
    0x080007cc   0x000002d8   Code   RO          145    .text               stm32f10x_usart.o
    0x08000aa4   0x000000b0   Code   RO          157    .text               misc.o
    0x08000b54   0x000001b4   Code   RO          169    .text               stm32f10x_dma.o
    0x08000d08   0x0000091c   Code   RO          181    .text               stm32f10x_tim.o
    0x08001624   0x00000274   Code   RO          194    .text               stm32f10x_spi.o
    0x08001898   0x000000fc   Code   RO          206    .text               stm32f10x_exti.o
    0x08001994   0x0000057e   Code   RO          218    .text               stm32f10x_can.o
    0x08001f12   0x00000002   PAD
    0x08001f14   0x000000e0   Code   RO          241    .text               system_stm32f10x.o
    0x08001ff4   0x000005c8   Code   RO          263    .text               bsp.o
    0x080025bc   0x000004ec   Code   RO          288    .text               jf24d.o
    0x08002aa8   0x00000344   Code   RO          309    .text               app.o
    0x08002dec   0x00000074   Code   RO          341    .text               wirelessrxtx.o
    0x08002e60   0x00000058   Code   RO          357    .text               list.o
    0x08002eb8   0x00000044   Code   RO          372    .text               controllayer.o
    0x08002efc   0x00000030   Code   RO          387    .text               canrxtx.o
    0x08002f2c   0x0000015c   Code   RO          402    .text               communication.o
    0x08003088   0x00000608   Code   RO          414    .text               os_core.o
    0x08003690   0x000002fc   Code   RO          471    .text               os_sem.o
    0x0800398c   0x00000678   Code   RO          483    .text               os_task.o
    0x08004004   0x00000160   Code   RO          496    .text               os_time.o
    0x08004164   0x000000a4   Code   RO          514    .text               os_cpu_a.o
    0x08004208   0x00000086   Code   RO          517    .text               os_cpu_c.o
    0x0800428e   0x00000002   PAD
    0x08004290   0x00000024   Code   RO          562    .text               mc_w.l(init.o)
    0x080042b4   0x0000000e   Code   RO          566    i.__scatterload_copy  mc_w.l(handlers.o)
    0x080042c2   0x00000002   Code   RO          567    i.__scatterload_null  mc_w.l(handlers.o)
    0x080042c4   0x0000000e   Code   RO          568    i.__scatterload_zeroinit  mc_w.l(handlers.o)
    0x080042d2   0x00000002   PAD
    0x080042d4   0x00000004   Data   RO          242    .constdata          system_stm32f10x.o
    0x080042d8   0x0000002e   Data   RO          290    .constdata          jf24d.o
    0x08004306   0x00000100   Data   RO          416    .constdata          os_core.o
    0x08004406   0x00000002   PAD
    0x08004408   0x00000020   Data   RO          564    Region$$Table       anon$$obj.o


    Execution Region ER_RW (Base: 0x20000000, Size: 0x00000080, Max: 0xffffffff, ABSOLUTE)

    Base Addr    Size         Type   Attr      Idx    E Section Name        Object

    0x20000000   0x00000014   Data   RW          132    .data               stm32f10x_rcc.o
    0x20000014   0x00000020   Data   RW          264    .data               bsp.o
    0x20000034   0x00000007   Data   RW          291    .data               jf24d.o
    0x2000003b   0x00000001   PAD
    0x2000003c   0x00000008   Data   RW          311    .data               app.o
    0x20000044   0x0000003c   Data   RW          417    .data               os_core.o


    Execution Region ER_ZI (Base: 0x20000080, Size: 0x000017a8, Max: 0xffffffff, ABSOLUTE)

    Base Addr    Size         Type   Attr      Idx    E Section Name        Object

    0x20000080   0x00000140   Zero   RW           11    .bss                main.o
    0x200001c0   0x00000050   Zero   RW          289    .bss                jf24d.o
    0x20000210   0x00000669   Zero   RW          310    .bss                app.o
    0x20000879   0x00000003   PAD
    0x2000087c   0x00000058   Zero   RW          329    .bss                object.o
    0x200008d4   0x00000058   Zero   RW          330    .bss                object.o
    0x2000092c   0x00000058   Zero   RW          331    .bss                object.o
    0x20000984   0x00000030   Zero   RW          373    .bss                controllayer.o
    0x200009b4   0x00000c70   Zero   RW          415    .bss                os_core.o
    0x20001624   0x00000004   PAD
    0x20001628   0x00000200   Zero   RW            1    STACK               startup_stm32f10x_hd.o


==============================================================================

Image component sizes


      Code (inc. data)   RO Data    RW Data    ZI Data      Debug   Object Name

       836         50          0          8       1641       3047   app.o
      1480         52          0         32          0       8284   bsp.o
        48          4          0          0          0        488   canrxtx.o
       348         12          0          0          0       1992   communication.o
        68          0          0          0         48        760   controllayer.o
      1260         38         46          7         80       6075   jf24d.o
        88          0          0          0          0       2121   list.o
        40         10          0          0        320     285478   main.o
       176         14          0          0          0       1589   misc.o
         0          0          0          0        264        289   object.o
      1544         84        256         60       3184      13053   os_core.o
       164         32          0          0          0        308   os_cpu_a.o
       134          0          0          0          0       9310   os_cpu_c.o
       764         16          0          0          0       3206   os_sem.o
      1656         66          0          0          0       6031   os_task.o
       352         30          0          0          0       1558   os_time.o
        48         12        304          0        512        876   startup_stm32f10x_hd.o
      1406         14          0          0          0       6730   stm32f10x_can.o
       436         18          0          0          0       3275   stm32f10x_dma.o
       252         12          0          0          0       2043   stm32f10x_exti.o
       568         16          0          0          0       4483   stm32f10x_gpio.o
       308         18          0          0          0       2599   stm32f10x_it.o
       708         42          0         20          0       7960   stm32f10x_rcc.o
       628          6          0          0          0       5490   stm32f10x_spi.o
      2332         18          0          0          0      19870   stm32f10x_tim.o
       728         12          0          0          0       6663   stm32f10x_usart.o
       224         16          4          0          0       1549   system_stm32f10x.o
       116          6          0          0          0        788   wirelessrxtx.o

    ----------------------------------------------------------------------
     16716        598        644        128       6056     405915   Object Totals
         0          0         32          0          0          0   (incl. Generated)
         4          0          2          1          7          0   (incl. Padding)

    ----------------------------------------------------------------------

      Code (inc. data)   RO Data    RW Data    ZI Data      Debug   Library Member Name

         0          0          0          0          0          0   entry.o
         0          0          0          0          0          0   entry10a.o
         0          0          0          0          0          0   entry11a.o
         8          4          0          0          0          0   entry2.o
         4          0          0          0          0          0   entry5.o
         0          0          0          0          0          0   entry7b.o
         0          0          0          0          0          0   entry8b.o
         8          4          0          0          0          0   entry9a.o
        30          0          0          0          0          0   handlers.o
        36          8          0          0          0         68   init.o

    ----------------------------------------------------------------------
        88         16          0          0          0         68   Library Totals
         2          0          0          0          0          0   (incl. Padding)

    ----------------------------------------------------------------------

      Code (inc. data)   RO Data    RW Data    ZI Data      Debug   Library Name

        86         16          0          0          0         68   mc_w.l

    ----------------------------------------------------------------------
        88         16          0          0          0         68   Library Totals

    ----------------------------------------------------------------------

==============================================================================


      Code (inc. data)   RO Data    RW Data    ZI Data      Debug   

     16804        614        644        128       6056     402859   Grand Totals
     16804        614        644        128       6056     402859   ELF Image Totals
     16804        614        644        128          0          0   ROM Totals

==============================================================================

    Total RO  Size (Code + RO Data)                17448 (  17.04kB)
    Total RW  Size (RW Data + ZI Data)              6184 (   6.04kB)
    Total ROM Size (Code + RO Data + RW Data)      17576 (  17.16kB)

==============================================================================

